<html>
<body>
<pre>
<h1>µVision Build Log</h1>
<h2>Tool Versions:</h2>
IDE-Version: ¦ÌVision V5.43.1.0
Copyright (C) 2025 ARM Ltd and ARM Germany GmbH. All rights reserved.
License Information: Wei YongYi, DaLianU, LIC=----
 
Tool Versions:
Toolchain:       MDK-Lite  Version: 5.43.0.0
Toolchain Path:  C:\Users\liunx\AppData\Local\Keil_v5\ARM\ARMCLANG\Bin
C Compiler:      ArmClang.exe V6.24
Assembler:       Armasm.exe V6.24
Linker/Locator:  ArmLink.exe V6.24
Library Manager: ArmAr.exe V6.24
Hex Converter:   FromElf.exe V6.24
CPU DLL:         SARMCM3.DLL V5.43.0.0
Dialog DLL:      DCM.DLL V1.17.5.0
Target DLL:      STLink\ST-LINKIII-KEIL_SWO.dll V3.3.1.0
Dialog DLL:      TCM.DLL V1.56.6.0
 
<h2>Project:</h2>
D:\liunx\Downloads\Compressed\dpj-claude-optimize-key-control-logic\dpj-claude-optimize-key-control-logic\Code\USER\project.uvprojx
Project File Date:  03/13/2026

<h2>Output:</h2>
*** Using Compiler 'V6.24', folder: 'C:\Users\liunx\AppData\Local\Keil_v5\ARM\ARMCLANG\Bin'
Rebuild target 'Template'
compiling key.c...
compiling sys.c...
compiling hcsr04.c...
compiling RLY.c...
compiling main.c...
compiling delay.c...
compiling gpio.c...
compiling system_stm32f10x.c...
compiling oled.c...
compiling motor_duoji.c...
compiling stm32f10x_it.c...
compiling core_cm3.c...
compiling usart.c...
compiling misc.c...
assembling startup_stm32f10x_md.s...
compiling stm32f10x_gpio.c...
compiling stm32f10x_usart.c...
compiling stm32f10x_rcc.c...
linking...
Program Size: Code=18478 RO-data=8662 RW-data=16 ZI-data=2352  
FromELF: creating hex file...
"..\OBJ\project.axf" - 0 Error(s), 0 Warning(s).

<h2>Software Packages used:</h2>

Package Vendor: Keil
                https://www.keil.com/pack/Keil.STM32F1xx_DFP.2.4.1.pack
                Keil::STM32F1xx_DFP@2.4.1
                STMicroelectronics STM32F1 Series Device Support, Drivers and Examples

<h2>Collection of Component include folders:</h2>
  C:/Users/liunx/AppData/Local/Arm/Packs/Keil/STM32F1xx_DFP/2.4.1/Device/Include

<h2>Collection of Component Files used:</h2>
Build Time Elapsed:  00:00:03
</pre>
</body>
</html>
