*** Using Compiler 'V6.24', folder: 'C:\Users\liunx\AppData\Local\Keil_v5\ARM\ARMCLANG\Bin'
Rebuild target 'Template'
compiling key.c...
compiling gpio.c...
compiling motor_duoji.c...
compiling RLY.c...
compiling stm32f10x_it.c...
compiling sys.c...
compiling delay.c...
compiling hcsr04.c...
compiling system_stm32f10x.c...
compiling main.c...
compiling usart.c...
compiling core_cm3.c...
assembling startup_stm32f10x_md.s...
compiling misc.c...
compiling stm32f10x_gpio.c...
compiling stm32f10x_rcc.c...
compiling stm32f10x_usart.c...
compiling oled.c...
linking...
..\OBJ\project.axf: error: L6047U: The size of this image (35064 bytes) exceeds the maximum allowed for this version of the linker
Finished: 0 information, 0 warning, 0 error and 1 fatal error messages.
"..\OBJ\project.axf" - 1 Error(s), 0 Warning(s).
Target not created.
Build Time Elapsed:  00:00:04
