*** Using Compiler 'V6.24', folder: 'C:\Users\liunx\AppData\Local\Keil_v5\ARM\ARMCLANG\Bin'
Rebuild target 'Template'
compiling main.c...
compiling stm32f10x_it.c...
compiling hcsr04.c...
compiling sys.c...
compiling key.c...
compiling gpio.c...
compiling RLY.c...
compiling delay.c...
compiling motor_duoji.c...
compiling system_stm32f10x.c...
compiling oled.c...
compiling core_cm3.c...
compiling usart.c...
assembling startup_stm32f10x_md.s...
compiling misc.c...
compiling stm32f10x_gpio.c...
compiling stm32f10x_rcc.c...
compiling stm32f10x_usart.c...
linking...
Program Size: Code=18162 RO-data=8662 RW-data=12 ZI-data=2356  
FromELF: creating hex file...
"..\OBJ\project.axf" - 0 Error(s), 0 Warning(s).
Build Time Elapsed:  00:00:03
