Component: Arm Compiler for Embedded 6.24 Tool: armlink [5f371500]

==============================================================================

Section Cross References

    main.o(.text) refers to delay.o(.text) for Delay_Init
    main.o(.text) refers to gpio.o(.text) for Gpio_Init
    main.o(.text) refers to key.o(.text) for Key_Init
    main.o(.text) refers to motor_duoji.o(.text) for Motor_Duoji_Init
    main.o(.text) refers to oled.o(.text) for OLED_Init
    main.o(.text) refers to rly.o(.text) for RLY_Init
    main.o(.text) refers to hcsr04.o(.text) for HCSR04_Init
    main.o(.text) refers to main.o(.data.disp_dirty) for disp_dirty
    main.o(.text) refers to main.o(.bss.tick) for tick
    main.o(.text) refers to main.o(.bss.mode) for mode
    main.o(.text) refers to main.o(.bss.idle_slow) for idle_slow
    main.o(.text) refers to stm32f10x_rcc.o(.text) for RCC_APB2PeriphClockCmd
    main.o(.text) refers to stm32f10x_gpio.o(.text) for GPIO_Init
    main.o(.text) refers to main.o(.bss.lid_state) for lid_state
    main.o(.text) refers to main.o(.data.cdly_set) for cdly_set
    main.o(.text) refers to main.o(.bss.cdly_cnt) for cdly_cnt
    main.o(.text) refers to main.o(.bss.det_cnt) for det_cnt
    main.o(.text) refers to main.o(.data.uv_set) for uv_set
    main.o(.text) refers to main.o(.bss.alarm) for alarm
    main.o(.text) refers to main.o(.bss.f_fault) for f_fault
    main.o(.text) refers to main.o(.bss.ferr_cnt) for ferr_cnt
    main.o(.text) refers to main.o(.bss.f_full) for f_full
    main.o(.text) refers to main.o(.bss.uv_on) for uv_on
    main.o(.text) refers to main.o(.bss.cur_page) for cur_page
    main.o(.text) refers to main.o(.bss.auto_uv_pend) for auto_uv_pend
    main.o(.text) refers to main.o(.bss.dist_val) for dist_val
    main.o(.text) refers to main.o(.data.Manage_func.startup_skip) for Manage_func.startup_skip
    main.o(.text) refers to main.o(.bss.Manage_func.fc) for Manage_func.fc
    main.o(.text) refers to main.o(.bss.uv_cnt) for uv_cnt
    main.o(.text) refers to main.o(.bss.Alarm_func.flow_idx) for Alarm_func.flow_idx
    main.o(.text) refers to main.o(.bss.Alarm_func.beep_tog) for Alarm_func.beep_tog
    main.o(.text) refers to main.o(.rodata.str1.1) for .L.str
    main.o(.text) refers to main.o(.bss.flog_n) for flog_n
    main.o(.text) refers to main.o(.bss.flog) for flog
    main.o(.ARM.exidx) refers to main.o(.text) for [Anonymous Symbol]
    stm32f10x_it.o(.ARM.exidx) refers to stm32f10x_it.o(.text) for [Anonymous Symbol]
    system_stm32f10x.o(.text) refers to system_stm32f10x.o(.data.SystemCoreClock) for SystemCoreClock
    system_stm32f10x.o(.text) refers to system_stm32f10x.o(.rodata.AHBPrescTable) for AHBPrescTable
    system_stm32f10x.o(.ARM.exidx) refers to system_stm32f10x.o(.text) for [Anonymous Symbol]
    gpio.o(.text) refers to stm32f10x_rcc.o(.text) for RCC_APB2PeriphClockCmd
    gpio.o(.text) refers to stm32f10x_gpio.o(.text) for GPIO_PinRemapConfig
    gpio.o(.ARM.exidx) refers to gpio.o(.text) for [Anonymous Symbol]
    key.o(.text) refers to stm32f10x_rcc.o(.text) for RCC_APB2PeriphClockCmd
    key.o(.text) refers to stm32f10x_gpio.o(.text) for GPIO_Init
    key.o(.text) refers to key.o(.data.Chiclet_Keyboard_Scan.key_up) for Chiclet_Keyboard_Scan.key_up
    key.o(.text) refers to delay.o(.text) for Delay_ms
    key.o(.ARM.exidx) refers to key.o(.text) for [Anonymous Symbol]
    motor_duoji.o(.text) refers to stm32f10x_rcc.o(.text) for RCC_APB1PeriphClockCmd
    motor_duoji.o(.text) refers to stm32f10x_gpio.o(.text) for GPIO_Init
    motor_duoji.o(.ARM.exidx) refers to motor_duoji.o(.text) for [Anonymous Symbol]
    oled.o(.text) refers to oled.o(.bss.g_oled_batch) for g_oled_batch
    oled.o(.text) refers to oled.o(.bss.OLED_GRAM) for OLED_GRAM
    oled.o(.text) refers to stm32f10x_gpio.o(.text) for GPIO_SetBits
    oled.o(.text) refers to oled.o(.rodata.asc2_0806) for asc2_0806
    oled.o(.text) refers to oled.o(.rodata.asc2_1206) for asc2_1206
    oled.o(.text) refers to oled.o(.rodata.asc2_1608) for asc2_1608
    oled.o(.text) refers to oled.o(.rodata.asc2_2412) for asc2_2412
    oled.o(.text) refers to oled.o(.rodata.Hzk1) for Hzk1
    oled.o(.text) refers to oled.o(.rodata.Hzk2) for Hzk2
    oled.o(.text) refers to oled.o(.rodata.Hzk3) for Hzk3
    oled.o(.text) refers to oled.o(.rodata.Hzk4) for Hzk4
    oled.o(.text) refers to stm32f10x_rcc.o(.text) for RCC_APB2PeriphClockCmd
    oled.o(.text) refers to delay.o(.text) for Delay_ms
    oled.o(.text) refers to oled.o(.rodata.str1.1) for .L.str
    oled.o(.ARM.exidx) refers to oled.o(.text) for [Anonymous Symbol]
    rly.o(.text) refers to stm32f10x_rcc.o(.text) for RCC_APB2PeriphClockCmd
    rly.o(.text) refers to stm32f10x_gpio.o(.text) for GPIO_Init
    rly.o(.ARM.exidx) refers to rly.o(.text) for [Anonymous Symbol]
    hcsr04.o(.text) refers to stm32f10x_rcc.o(.text) for RCC_APB2PeriphClockCmd
    hcsr04.o(.text) refers to stm32f10x_gpio.o(.text) for GPIO_Init
    hcsr04.o(.text) refers to delay.o(.text) for Delay_us
    hcsr04.o(.text) refers to hcsr04.o(.data.HCSR04_GetDistance.last_distance) for HCSR04_GetDistance.last_distance
    hcsr04.o(.ARM.exidx) refers to hcsr04.o(.text) for [Anonymous Symbol]
    delay.o(.text) refers to misc.o(.text) for SysTick_CLKSourceConfig
    delay.o(.text) refers to system_stm32f10x.o(.data.SystemCoreClock) for SystemCoreClock
    delay.o(.text) refers to delay.o(.bss.fac_us) for fac_us
    delay.o(.text) refers to delay.o(.bss.fac_ms) for fac_ms
    delay.o(.ARM.exidx) refers to delay.o(.text) for [Anonymous Symbol]
    sys.o(.text) refers to core_cm3.o(.text) for __set_MSP
    sys.o(.ARM.exidx) refers to sys.o(.text) for [Anonymous Symbol]
    usart.o(.text) refers to stm32f10x_rcc.o(.text) for RCC_APB2PeriphClockCmd
    usart.o(.text) refers to stm32f10x_gpio.o(.text) for GPIO_Init
    usart.o(.text) refers to stm32f10x_usart.o(.text) for USART_Init
    usart.o(.text) refers to misc.o(.text) for NVIC_PriorityGroupConfig
    usart.o(.text) refers to usart.o(.bss.usart1_buf) for usart1_buf
    usart.o(.text) refers to memseta.o(.text) for __aeabi_memclr
    usart.o(.text) refers to usart.o(.bss.usart1_cnt) for usart1_cnt
    usart.o(.text) refers to usart.o(.bss.usart1_cntPre) for usart1_cntPre
    usart.o(.text) refers to usart.o(.bss.usart2_buf) for usart2_buf
    usart.o(.text) refers to usart.o(.bss.usart2_cnt) for usart2_cnt
    usart.o(.text) refers to usart.o(.bss.usart2_cntPre) for usart2_cntPre
    usart.o(.text) refers to usart.o(.bss.Bluetooth_RxData) for Bluetooth_RxData
    usart.o(.text) refers to usart.o(.bss.Bluetooth_RxFlag) for Bluetooth_RxFlag
    usart.o(.ARM.exidx) refers to usart.o(.text) for [Anonymous Symbol]
    core_cm3.o(.ARM.exidx) refers to core_cm3.o(.text) for [Anonymous Symbol]
    startup_stm32f10x_md.o(RESET) refers to startup_stm32f10x_md.o(STACK) for __initial_sp
    startup_stm32f10x_md.o(RESET) refers to startup_stm32f10x_md.o(.text) for Reset_Handler
    startup_stm32f10x_md.o(RESET) refers to stm32f10x_it.o(.text) for NMI_Handler
    startup_stm32f10x_md.o(RESET) refers to usart.o(.text) for USART1_IRQHandler
    startup_stm32f10x_md.o(.text) refers to system_stm32f10x.o(.text) for SystemInit
    startup_stm32f10x_md.o(.text) refers to entry.o(.ARM.Collect$$$$00000000) for __main
    misc.o(.ARM.exidx) refers to misc.o(.text) for [Anonymous Symbol]
    stm32f10x_gpio.o(.text) refers to stm32f10x_rcc.o(.text) for RCC_APB2PeriphResetCmd
    stm32f10x_gpio.o(.ARM.exidx) refers to stm32f10x_gpio.o(.text) for [Anonymous Symbol]
    stm32f10x_rcc.o(.text) refers to stm32f10x_rcc.o(.rodata.APBAHBPrescTable) for APBAHBPrescTable
    stm32f10x_rcc.o(.text) refers to stm32f10x_rcc.o(.rodata.ADCPrescTable) for ADCPrescTable
    stm32f10x_rcc.o(.ARM.exidx) refers to stm32f10x_rcc.o(.text) for [Anonymous Symbol]
    stm32f10x_usart.o(.text) refers to stm32f10x_rcc.o(.text) for RCC_APB2PeriphResetCmd
    stm32f10x_usart.o(.ARM.exidx) refers to stm32f10x_usart.o(.text) for [Anonymous Symbol]
    entry.o(.ARM.Collect$$$$00000000) refers (Special) to entry10a.o(.ARM.Collect$$$$0000000D) for __rt_final_cpp
    entry.o(.ARM.Collect$$$$00000000) refers (Special) to entry11a.o(.ARM.Collect$$$$0000000F) for __rt_final_exit
    entry.o(.ARM.Collect$$$$00000000) refers (Special) to entry7b.o(.ARM.Collect$$$$00000008) for _main_clock
    entry.o(.ARM.Collect$$$$00000000) refers (Special) to entry8b.o(.ARM.Collect$$$$0000000A) for _main_cpp_init
    entry.o(.ARM.Collect$$$$00000000) refers (Special) to entry9a.o(.ARM.Collect$$$$0000000B) for _main_init
    entry.o(.ARM.Collect$$$$00000000) refers (Special) to entry5.o(.ARM.Collect$$$$00000004) for _main_scatterload
    entry.o(.ARM.Collect$$$$00000000) refers (Special) to entry2.o(.ARM.Collect$$$$00000001) for _main_stk
    entry2.o(.ARM.Collect$$$$00000001) refers to entry2.o(.ARM.Collect$$$$00002712) for __lit__00000000
    entry2.o(.ARM.Collect$$$$00002712) refers to startup_stm32f10x_md.o(STACK) for __initial_sp
    entry2.o(__vectab_stack_and_reset_area) refers to startup_stm32f10x_md.o(STACK) for __initial_sp
    entry2.o(__vectab_stack_and_reset_area) refers to entry.o(.ARM.Collect$$$$00000000) for __main
    entry5.o(.ARM.Collect$$$$00000004) refers to init.o(.text) for __scatterload
    entry9a.o(.ARM.Collect$$$$0000000B) refers to main.o(.text) for main
    entry9b.o(.ARM.Collect$$$$0000000C) refers to main.o(.text) for main
    init.o(.text) refers to entry5.o(.ARM.Collect$$$$00000004) for __main_after_scatterload


==============================================================================

Removing Unused input sections from the image.

    Removing main.o(.ARM.exidx), (152 bytes).
    Removing main.o(.ARM.use_no_argv), (4 bytes).
    Removing stm32f10x_it.o(.ARM.exidx), (72 bytes).
    Removing system_stm32f10x.o(.ARM.exidx), (32 bytes).
    Removing gpio.o(.ARM.exidx), (8 bytes).
    Removing key.o(.ARM.exidx), (16 bytes).
    Removing motor_duoji.o(.ARM.exidx), (24 bytes).
    Removing motor_duoji.o(.data.motor_duoji_cout), (2 bytes).
    Removing oled.o(.ARM.exidx), (224 bytes).
    Removing rly.o(.ARM.exidx), (24 bytes).
    Removing hcsr04.o(.ARM.exidx), (16 bytes).
    Removing delay.o(.ARM.exidx), (24 bytes).
    Removing sys.o(.text), (28 bytes).
    Removing sys.o(.ARM.exidx), (32 bytes).
    Removing usart.o(.ARM.exidx), (96 bytes).
    Removing core_cm3.o(.text), (478 bytes).
    Removing core_cm3.o(.ARM.exidx), (176 bytes).
    Removing startup_stm32f10x_md.o(HEAP), (512 bytes).
    Removing misc.o(.ARM.exidx), (40 bytes).
    Removing stm32f10x_gpio.o(.ARM.exidx), (144 bytes).
    Removing stm32f10x_rcc.o(.ARM.exidx), (256 bytes).
    Removing stm32f10x_usart.o(.ARM.exidx), (232 bytes).

22 unused section(s) (total 2592 bytes) removed from the image.

==============================================================================

Image Symbol Table

    Local Symbols

    Symbol Name                              Value     Ov Type        Size  Object(Section)

    ../CORE/startup_stm32f10x_md.s           0x00000000   Number         0  startup_stm32f10x_md.o ABSOLUTE
    ../clib/microlib/init/entry.s            0x00000000   Number         0  entry.o ABSOLUTE
    ../clib/microlib/init/entry.s            0x00000000   Number         0  entry2.o ABSOLUTE
    ../clib/microlib/init/entry.s            0x00000000   Number         0  entry5.o ABSOLUTE
    ../clib/microlib/init/entry.s            0x00000000   Number         0  entry7a.o ABSOLUTE
    ../clib/microlib/init/entry.s            0x00000000   Number         0  entry7b.o ABSOLUTE
    ../clib/microlib/init/entry.s            0x00000000   Number         0  entry8a.o ABSOLUTE
    ../clib/microlib/init/entry.s            0x00000000   Number         0  entry8b.o ABSOLUTE
    ../clib/microlib/init/entry.s            0x00000000   Number         0  entry9a.o ABSOLUTE
    ../clib/microlib/init/entry.s            0x00000000   Number         0  entry9b.o ABSOLUTE
    ../clib/microlib/init/entry.s            0x00000000   Number         0  entry10a.o ABSOLUTE
    ../clib/microlib/init/entry.s            0x00000000   Number         0  entry10b.o ABSOLUTE
    ../clib/microlib/init/entry.s            0x00000000   Number         0  entry11a.o ABSOLUTE
    ../clib/microlib/init/entry.s            0x00000000   Number         0  entry11b.o ABSOLUTE
    ../clib/microlib/string/memset.c         0x00000000   Number         0  memseta.o ABSOLUTE
    RLY.c                                    0x00000000   Number         0  rly.o ABSOLUTE
    core_cm3.c                               0x00000000   Number         0  core_cm3.o ABSOLUTE
    dc.s                                     0x00000000   Number         0  dc.o ABSOLUTE
    delay.c                                  0x00000000   Number         0  delay.o ABSOLUTE
    gpio.c                                   0x00000000   Number         0  gpio.o ABSOLUTE
    handlers.s                               0x00000000   Number         0  handlers.o ABSOLUTE
    hcsr04.c                                 0x00000000   Number         0  hcsr04.o ABSOLUTE
    init.s                                   0x00000000   Number         0  init.o ABSOLUTE
    key.c                                    0x00000000   Number         0  key.o ABSOLUTE
    main.c                                   0x00000000   Number         0  main.o ABSOLUTE
    misc.c                                   0x00000000   Number         0  misc.o ABSOLUTE
    motor_duoji.c                            0x00000000   Number         0  motor_duoji.o ABSOLUTE
    oled.c                                   0x00000000   Number         0  oled.o ABSOLUTE
    stm32f10x_gpio.c                         0x00000000   Number         0  stm32f10x_gpio.o ABSOLUTE
    stm32f10x_it.c                           0x00000000   Number         0  stm32f10x_it.o ABSOLUTE
    stm32f10x_rcc.c                          0x00000000   Number         0  stm32f10x_rcc.o ABSOLUTE
    stm32f10x_usart.c                        0x00000000   Number         0  stm32f10x_usart.o ABSOLUTE
    sys.c                                    0x00000000   Number         0  sys.o ABSOLUTE
    system_stm32f10x.c                       0x00000000   Number         0  system_stm32f10x.o ABSOLUTE
    usart.c                                  0x00000000   Number         0  usart.o ABSOLUTE
    RESET                                    0x08000000   Section      236  startup_stm32f10x_md.o(RESET)
    .ARM.Collect$$$$00000000                 0x080000ec   Section        0  entry.o(.ARM.Collect$$$$00000000)
    .ARM.Collect$$$$00000001                 0x080000ec   Section        4  entry2.o(.ARM.Collect$$$$00000001)
    .ARM.Collect$$$$00000004                 0x080000f0   Section        4  entry5.o(.ARM.Collect$$$$00000004)
    .ARM.Collect$$$$00000008                 0x080000f4   Section        0  entry7b.o(.ARM.Collect$$$$00000008)
    .ARM.Collect$$$$0000000A                 0x080000f4   Section        0  entry8b.o(.ARM.Collect$$$$0000000A)
    .ARM.Collect$$$$0000000B                 0x080000f4   Section        8  entry9a.o(.ARM.Collect$$$$0000000B)
    __lit__00000000                          0x080000fc   Data           4  entry2.o(.ARM.Collect$$$$00002712)
    .ARM.Collect$$$$0000000D                 0x080000fc   Section        0  entry10a.o(.ARM.Collect$$$$0000000D)
    .ARM.Collect$$$$0000000F                 0x080000fc   Section        0  entry11a.o(.ARM.Collect$$$$0000000F)
    .ARM.Collect$$$$00002712                 0x080000fc   Section        4  entry2.o(.ARM.Collect$$$$00002712)
    [Anonymous Symbol]                       0x08000100   Section        0  main.o(.text)
    [Anonymous Symbol]                       0x08001040   Section        0  stm32f10x_it.o(.text)
    [Anonymous Symbol]                       0x08001064   Section        0  system_stm32f10x.o(.text)
    SetSysClock                              0x080010cd   Thumb Code     8  system_stm32f10x.o(.text)
    SetSysClockTo72                          0x080011f9   Thumb Code   290  system_stm32f10x.o(.text)
    [Anonymous Symbol]                       0x0800131c   Section        0  gpio.o(.text)
    [Anonymous Symbol]                       0x0800148c   Section        0  key.o(.text)
    [Anonymous Symbol]                       0x08001798   Section        0  motor_duoji.o(.text)
    [Anonymous Symbol]                       0x0800184c   Section        0  oled.o(.text)
    [Anonymous Symbol]                       0x08002b80   Section        0  rly.o(.text)
    [Anonymous Symbol]                       0x08002be4   Section        0  hcsr04.o(.text)
    [Anonymous Symbol]                       0x08002d58   Section        0  delay.o(.text)
    [Anonymous Symbol]                       0x08002eb4   Section        0  usart.o(.text)
    .text                                    0x080032b4   Section       36  startup_stm32f10x_md.o(.text)
    [Anonymous Symbol]                       0x080032d8   Section        0  misc.o(.text)
    [Anonymous Symbol]                       0x08003434   Section        0  stm32f10x_gpio.o(.text)
    [Anonymous Symbol]                       0x080039f0   Section        0  stm32f10x_rcc.o(.text)
    [Anonymous Symbol]                       0x08004138   Section        0  stm32f10x_usart.o(.text)
    .text                                    0x080048a8   Section        0  memseta.o(.text)
    .text                                    0x080048cc   Section       48  init.o(.text)
    i.__scatterload_copy                     0x080048fc   Section       14  handlers.o(i.__scatterload_copy)
    i.__scatterload_null                     0x0800490a   Section        2  handlers.o(i.__scatterload_null)
    i.__scatterload_zeroinit                 0x0800490c   Section       14  handlers.o(i.__scatterload_zeroinit)
    ADCPrescTable                            0x0800491a   Data           4  stm32f10x_rcc.o(.rodata.ADCPrescTable)
    [Anonymous Symbol]                       0x0800491a   Section        0  stm32f10x_rcc.o(.rodata.ADCPrescTable)
    APBAHBPrescTable                         0x0800492e   Data          16  stm32f10x_rcc.o(.rodata.APBAHBPrescTable)
    [Anonymous Symbol]                       0x0800492e   Section        0  stm32f10x_rcc.o(.rodata.APBAHBPrescTable)
    .L.str.2                                 0x0800690e   Data          17  main.o(.rodata.str1.1)
    [Anonymous Symbol]                       0x0800690e   Section        0  main.o(.rodata.str1.1)
    .L.str.6                                 0x0800691f   Data          17  main.o(.rodata.str1.1)
    .L.str.1                                 0x08006930   Data          17  main.o(.rodata.str1.1)
    .L.str                                   0x08006941   Data          17  main.o(.rodata.str1.1)
    .L.str.7                                 0x08006952   Data          17  main.o(.rodata.str1.1)
    .L.str.3                                 0x08006963   Data          17  main.o(.rodata.str1.1)
    .L.str.5                                 0x08006974   Data           9  main.o(.rodata.str1.1)
    .L.str.4                                 0x0800697d   Data           4  main.o(.rodata.str1.1)
    .L.str.8                                 0x08006981   Data           7  main.o(.rodata.str1.1)
    .L.str.4                                 0x08006988   Data          15  oled.o(.rodata.str1.1)
    [Anonymous Symbol]                       0x08006988   Section        0  oled.o(.rodata.str1.1)
    .L.str.5                                 0x08006997   Data          15  oled.o(.rodata.str1.1)
    .L.str.1                                 0x080069a6   Data          15  oled.o(.rodata.str1.1)
    .L.str                                   0x080069b5   Data          15  oled.o(.rodata.str1.1)
    .L.str.2                                 0x080069c4   Data          15  oled.o(.rodata.str1.1)
    .L.str.3                                 0x080069d3   Data          15  oled.o(.rodata.str1.1)
    Chiclet_Keyboard_Scan.key_up             0x20000000   Data           1  key.o(.data.Chiclet_Keyboard_Scan.key_up)
    [Anonymous Symbol]                       0x20000000   Section        0  key.o(.data.Chiclet_Keyboard_Scan.key_up)
    HCSR04_GetDistance.last_distance         0x20000002   Data           2  hcsr04.o(.data.HCSR04_GetDistance.last_distance)
    [Anonymous Symbol]                       0x20000002   Section        0  hcsr04.o(.data.HCSR04_GetDistance.last_distance)
    Manage_func.startup_skip                 0x20000004   Data           2  main.o(.data.Manage_func.startup_skip)
    [Anonymous Symbol]                       0x20000004   Section        0  main.o(.data.Manage_func.startup_skip)
    Alarm_func.beep_tog                      0x20000010   Data           1  main.o(.bss.Alarm_func.beep_tog)
    [Anonymous Symbol]                       0x20000010   Section        0  main.o(.bss.Alarm_func.beep_tog)
    Alarm_func.flow_idx                      0x20000011   Data           1  main.o(.bss.Alarm_func.flow_idx)
    [Anonymous Symbol]                       0x20000011   Section        0  main.o(.bss.Alarm_func.flow_idx)
    Manage_func.fc                           0x20000014   Data           1  main.o(.bss.Manage_func.fc)
    [Anonymous Symbol]                       0x20000014   Section        0  main.o(.bss.Manage_func.fc)
    fac_ms                                   0x2000049e   Data           2  delay.o(.bss.fac_ms)
    [Anonymous Symbol]                       0x2000049e   Section        0  delay.o(.bss.fac_ms)
    fac_us                                   0x200004a0   Data           1  delay.o(.bss.fac_us)
    [Anonymous Symbol]                       0x200004a0   Section        0  delay.o(.bss.fac_us)
    g_oled_batch                             0x200004ad   Data           1  oled.o(.bss.g_oled_batch)
    [Anonymous Symbol]                       0x200004ad   Section        0  oled.o(.bss.g_oled_batch)
    STACK                                    0x20000540   Section     1024  startup_stm32f10x_md.o(STACK)

    Global Symbols

    Symbol Name                              Value     Ov Type        Size  Object(Section)

    BuildAttributes$$THM_ISAv4$P$D$K$B$S$PE$A:L22UL41UL21$X:L11$S22US41US21$IEEE1$IW$~IW$USESV6$~STKCKD$USESV7$~SHL$OSPACE$EBA8$MICROLIB$REQ8$PRES8$EABIv2 0x00000000   Number         0  anon$$obj.o ABSOLUTE
    __cpp_initialize__aeabi_                  - Undefined Weak Reference
    __cxa_finalize                            - Undefined Weak Reference
    __decompress                              - Undefined Weak Reference
    _clock_init                               - Undefined Weak Reference
    _microlib_exit                            - Undefined Weak Reference
    __Vectors_Size                           0x000000ec   Number         0  startup_stm32f10x_md.o ABSOLUTE
    __Vectors                                0x08000000   Data           4  startup_stm32f10x_md.o(RESET)
    __Vectors_End                            0x080000ec   Data           0  startup_stm32f10x_md.o(RESET)
    __main                                   0x080000ed   Thumb Code     0  entry.o(.ARM.Collect$$$$00000000)
    _main_stk                                0x080000ed   Thumb Code     0  entry2.o(.ARM.Collect$$$$00000001)
    _main_scatterload                        0x080000f1   Thumb Code     0  entry5.o(.ARM.Collect$$$$00000004)
    __main_after_scatterload                 0x080000f5   Thumb Code     0  entry5.o(.ARM.Collect$$$$00000004)
    _main_clock                              0x080000f5   Thumb Code     0  entry7b.o(.ARM.Collect$$$$00000008)
    _main_cpp_init                           0x080000f5   Thumb Code     0  entry8b.o(.ARM.Collect$$$$0000000A)
    _main_init                               0x080000f5   Thumb Code     0  entry9a.o(.ARM.Collect$$$$0000000B)
    __rt_final_cpp                           0x080000fd   Thumb Code     0  entry10a.o(.ARM.Collect$$$$0000000D)
    __rt_final_exit                          0x080000fd   Thumb Code     0  entry11a.o(.ARM.Collect$$$$0000000F)
    main                                     0x08000101   Thumb Code   346  main.o(.text)
    Beep_Init                                0x0800025d   Thumb Code    60  main.o(.text)
    Key_func                                 0x08000299   Thumb Code   610  main.o(.text)
    Monitor_func                             0x080004fd   Thumb Code   360  main.o(.text)
    Manage_func                              0x08000665   Thumb Code   414  main.o(.text)
    Timer_1s                                 0x08000805   Thumb Code   352  main.o(.text)
    Alarm_func                               0x08000965   Thumb Code   196  main.o(.text)
    Refresh                                  0x08000a29   Thumb Code   802  main.o(.text)
    Beep_On                                  0x08000d4d   Thumb Code    18  main.o(.text)
    Beep_Off                                 0x08000d61   Thumb Code    18  main.o(.text)
    Beep_Short                               0x08000d75   Thumb Code    18  main.o(.text)
    Servo_Open                               0x08000d89   Thumb Code    96  main.o(.text)
    Servo_Close                              0x08000de9   Thumb Code    96  main.o(.text)
    Log_F                                    0x08000e49   Thumb Code    56  main.o(.text)
    Stop_UV_Before_Lid_Op                    0x08000e81   Thumb Code    36  main.o(.text)
    UV_Stop                                  0x08000ea5   Thumb Code    70  main.o(.text)
    UV_Start                                 0x08000eed   Thumb Code    98  main.o(.text)
    Flow_LED_Off                             0x08000f51   Thumb Code    84  main.o(.text)
    Flow_LED_Set                             0x08000fa5   Thumb Code   154  main.o(.text)
    NMI_Handler                              0x08001041   Thumb Code     2  stm32f10x_it.o(.text)
    HardFault_Handler                        0x08001045   Thumb Code     4  stm32f10x_it.o(.text)
    MemManage_Handler                        0x08001049   Thumb Code     4  stm32f10x_it.o(.text)
    BusFault_Handler                         0x0800104d   Thumb Code     4  stm32f10x_it.o(.text)
    UsageFault_Handler                       0x08001051   Thumb Code     4  stm32f10x_it.o(.text)
    SVC_Handler                              0x08001055   Thumb Code     2  stm32f10x_it.o(.text)
    DebugMon_Handler                         0x08001059   Thumb Code     2  stm32f10x_it.o(.text)
    PendSV_Handler                           0x0800105d   Thumb Code     2  stm32f10x_it.o(.text)
    SysTick_Handler                          0x08001061   Thumb Code     2  stm32f10x_it.o(.text)
    SystemInit                               0x08001065   Thumb Code   102  system_stm32f10x.o(.text)
    SystemCoreClockUpdate                    0x080010d5   Thumb Code   290  system_stm32f10x.o(.text)
    Gpio_Init                                0x0800131d   Thumb Code   368  gpio.o(.text)
    Key_Init                                 0x0800148d   Thumb Code   266  key.o(.text)
    Chiclet_Keyboard_Scan                    0x08001599   Thumb Code   512  key.o(.text)
    Motor_Duoji_Init                         0x08001799   Thumb Code   150  motor_duoji.o(.text)
    Motor_Duoji2_Init                        0x08001831   Thumb Code     2  motor_duoji.o(.text)
    Motor_Duoji_SetCompare                   0x08001835   Thumb Code    24  motor_duoji.o(.text)
    OLED_BeginBatch                          0x0800184d   Thumb Code    14  oled.o(.text)
    OLED_EndBatch                            0x0800185d   Thumb Code    20  oled.o(.text)
    OLED_Refresh                             0x08001871   Thumb Code   162  oled.o(.text)
    OLED_ColorTurn                           0x08001915   Thumb Code    50  oled.o(.text)
    OLED_WR_Byte                             0x08001949   Thumb Code    74  oled.o(.text)
    OLED_DisplayTurn                         0x08001995   Thumb Code    70  oled.o(.text)
    IIC_delay                                0x080019dd   Thumb Code    30  oled.o(.text)
    OLED_I2C_Start                           0x080019fd   Thumb Code    68  oled.o(.text)
    OLED_I2C_Stop                            0x08001a41   Thumb Code    50  oled.o(.text)
    OLED_I2C_WaitAck                         0x08001a75   Thumb Code    58  oled.o(.text)
    OLED_Send_Byte                           0x08001ab1   Thumb Code   138  oled.o(.text)
    OLED_DisPlay_On                          0x08001b3d   Thumb Code    34  oled.o(.text)
    OLED_DisPlay_Off                         0x08001b61   Thumb Code    34  oled.o(.text)
    OLED_Clear                               0x08001b85   Thumb Code    94  oled.o(.text)
    OLED_DrawPoint                           0x08001be5   Thumb Code   162  oled.o(.text)
    OLED_DrawLine                            0x08001c89   Thumb Code   304  oled.o(.text)
    OLED_DrawCircle                          0x08001db9   Thumb Code   314  oled.o(.text)
    OLED_ShowChar                            0x08001ef5   Thumb Code   510  oled.o(.text)
    OLED_ShowString                          0x080020f5   Thumb Code   168  oled.o(.text)
    OLED_Pow                                 0x0800219d   Thumb Code    48  oled.o(.text)
    OLED_ShowNum                             0x080021cd   Thumb Code   286  oled.o(.text)
    OLED_ShowChinese                         0x080022ed   Thumb Code   458  oled.o(.text)
    OLED_ScrollDisplay                       0x080024b9   Thumb Code   352  oled.o(.text)
    OLED_ShowPicture                         0x08002619   Thumb Code   356  oled.o(.text)
    OLED_Init                                0x0800277d   Thumb Code   314  oled.o(.text)
    OLED_ShowMainPage                        0x080028b9   Thumb Code   242  oled.o(.text)
    OLED_ShowDisinfectPage                   0x080029ad   Thumb Code   224  oled.o(.text)
    OLED_ShowAutoPage                        0x08002a8d   Thumb Code   242  oled.o(.text)
    RLY_Init                                 0x08002b81   Thumb Code    60  rly.o(.text)
    RLY_On                                   0x08002bbd   Thumb Code    18  rly.o(.text)
    RLY_Off                                  0x08002bd1   Thumb Code    18  rly.o(.text)
    HCSR04_Init                              0x08002be5   Thumb Code    84  hcsr04.o(.text)
    HCSR04_GetDistance                       0x08002c39   Thumb Code   288  hcsr04.o(.text)
    Delay_Init                               0x08002d59   Thumb Code    64  delay.o(.text)
    Delay_us                                 0x08002d99   Thumb Code   140  delay.o(.text)
    Delay_ms                                 0x08002e25   Thumb Code   144  delay.o(.text)
    Usart1_Init                              0x08002eb5   Thumb Code   210  usart.o(.text)
    Usart2_Init                              0x08002f89   Thumb Code   190  usart.o(.text)
    Usart_SendString                         0x08003049   Thumb Code    82  usart.o(.text)
    UsartPrintf                              0x0800309d   Thumb Code    10  usart.o(.text)
    USART1_Clear                             0x080030a9   Thumb Code    30  usart.o(.text)
    USART1_WaitRecive                        0x080030c9   Thumb Code   104  usart.o(.text)
    USART2_Clear                             0x08003131   Thumb Code    30  usart.o(.text)
    USART2_WaitRecive                        0x08003151   Thumb Code   104  usart.o(.text)
    USART1_IRQHandler                        0x080031b9   Thumb Code    80  usart.o(.text)
    USART2_IRQHandler                        0x08003209   Thumb Code   104  usart.o(.text)
    Bluetooth_GetRxFlag                      0x08003271   Thumb Code    54  usart.o(.text)
    Bluetooth_GetRxData                      0x080032a9   Thumb Code    12  usart.o(.text)
    Reset_Handler                            0x080032b5   Thumb Code     8  startup_stm32f10x_md.o(.text)
    ADC1_2_IRQHandler                        0x080032cf   Thumb Code     0  startup_stm32f10x_md.o(.text)
    CAN1_RX1_IRQHandler                      0x080032cf   Thumb Code     0  startup_stm32f10x_md.o(.text)
    CAN1_SCE_IRQHandler                      0x080032cf   Thumb Code     0  startup_stm32f10x_md.o(.text)
    DMA1_Channel1_IRQHandler                 0x080032cf   Thumb Code     0  startup_stm32f10x_md.o(.text)
    DMA1_Channel2_IRQHandler                 0x080032cf   Thumb Code     0  startup_stm32f10x_md.o(.text)
    DMA1_Channel3_IRQHandler                 0x080032cf   Thumb Code     0  startup_stm32f10x_md.o(.text)
    DMA1_Channel4_IRQHandler                 0x080032cf   Thumb Code     0  startup_stm32f10x_md.o(.text)
    DMA1_Channel5_IRQHandler                 0x080032cf   Thumb Code     0  startup_stm32f10x_md.o(.text)
    DMA1_Channel6_IRQHandler                 0x080032cf   Thumb Code     0  startup_stm32f10x_md.o(.text)
    DMA1_Channel7_IRQHandler                 0x080032cf   Thumb Code     0  startup_stm32f10x_md.o(.text)
    EXTI0_IRQHandler                         0x080032cf   Thumb Code     0  startup_stm32f10x_md.o(.text)
    EXTI15_10_IRQHandler                     0x080032cf   Thumb Code     0  startup_stm32f10x_md.o(.text)
    EXTI1_IRQHandler                         0x080032cf   Thumb Code     0  startup_stm32f10x_md.o(.text)
    EXTI2_IRQHandler                         0x080032cf   Thumb Code     0  startup_stm32f10x_md.o(.text)
    EXTI3_IRQHandler                         0x080032cf   Thumb Code     0  startup_stm32f10x_md.o(.text)
    EXTI4_IRQHandler                         0x080032cf   Thumb Code     0  startup_stm32f10x_md.o(.text)
    EXTI9_5_IRQHandler                       0x080032cf   Thumb Code     0  startup_stm32f10x_md.o(.text)
    FLASH_IRQHandler                         0x080032cf   Thumb Code     0  startup_stm32f10x_md.o(.text)
    I2C1_ER_IRQHandler                       0x080032cf   Thumb Code     0  startup_stm32f10x_md.o(.text)
    I2C1_EV_IRQHandler                       0x080032cf   Thumb Code     0  startup_stm32f10x_md.o(.text)
    I2C2_ER_IRQHandler                       0x080032cf   Thumb Code     0  startup_stm32f10x_md.o(.text)
    I2C2_EV_IRQHandler                       0x080032cf   Thumb Code     0  startup_stm32f10x_md.o(.text)
    PVD_IRQHandler                           0x080032cf   Thumb Code     0  startup_stm32f10x_md.o(.text)
    RCC_IRQHandler                           0x080032cf   Thumb Code     0  startup_stm32f10x_md.o(.text)
    RTCAlarm_IRQHandler                      0x080032cf   Thumb Code     0  startup_stm32f10x_md.o(.text)
    RTC_IRQHandler                           0x080032cf   Thumb Code     0  startup_stm32f10x_md.o(.text)
    SPI1_IRQHandler                          0x080032cf   Thumb Code     0  startup_stm32f10x_md.o(.text)
    SPI2_IRQHandler                          0x080032cf   Thumb Code     0  startup_stm32f10x_md.o(.text)
    TAMPER_IRQHandler                        0x080032cf   Thumb Code     0  startup_stm32f10x_md.o(.text)
    TIM1_BRK_IRQHandler                      0x080032cf   Thumb Code     0  startup_stm32f10x_md.o(.text)
    TIM1_CC_IRQHandler                       0x080032cf   Thumb Code     0  startup_stm32f10x_md.o(.text)
    TIM1_TRG_COM_IRQHandler                  0x080032cf   Thumb Code     0  startup_stm32f10x_md.o(.text)
    TIM1_UP_IRQHandler                       0x080032cf   Thumb Code     0  startup_stm32f10x_md.o(.text)
    TIM2_IRQHandler                          0x080032cf   Thumb Code     0  startup_stm32f10x_md.o(.text)
    TIM3_IRQHandler                          0x080032cf   Thumb Code     0  startup_stm32f10x_md.o(.text)
    TIM4_IRQHandler                          0x080032cf   Thumb Code     0  startup_stm32f10x_md.o(.text)
    USART3_IRQHandler                        0x080032cf   Thumb Code     0  startup_stm32f10x_md.o(.text)
    USBWakeUp_IRQHandler                     0x080032cf   Thumb Code     0  startup_stm32f10x_md.o(.text)
    USB_HP_CAN1_TX_IRQHandler                0x080032cf   Thumb Code     0  startup_stm32f10x_md.o(.text)
    USB_LP_CAN1_RX0_IRQHandler               0x080032cf   Thumb Code     0  startup_stm32f10x_md.o(.text)
    WWDG_IRQHandler                          0x080032cf   Thumb Code     0  startup_stm32f10x_md.o(.text)
    NVIC_PriorityGroupConfig                 0x080032d9   Thumb Code    28  misc.o(.text)
    NVIC_Init                                0x080032f5   Thumb Code   166  misc.o(.text)
    NVIC_SetVectorTable                      0x0800339d   Thumb Code    36  misc.o(.text)
    NVIC_SystemLPConfig                      0x080033c1   Thumb Code    62  misc.o(.text)
    SysTick_CLKSourceConfig                  0x08003401   Thumb Code    52  misc.o(.text)
    GPIO_DeInit                              0x08003435   Thumb Code   276  stm32f10x_gpio.o(.text)
    GPIO_AFIODeInit                          0x08003549   Thumb Code    26  stm32f10x_gpio.o(.text)
    GPIO_Init                                0x08003565   Thumb Code   390  stm32f10x_gpio.o(.text)
    GPIO_StructInit                          0x080036ed   Thumb Code    28  stm32f10x_gpio.o(.text)
    GPIO_ReadInputDataBit                    0x08003709   Thumb Code    52  stm32f10x_gpio.o(.text)
    GPIO_ReadInputData                       0x0800373d   Thumb Code    14  stm32f10x_gpio.o(.text)
    GPIO_ReadOutputDataBit                   0x0800374d   Thumb Code    52  stm32f10x_gpio.o(.text)
    GPIO_ReadOutputData                      0x08003781   Thumb Code    14  stm32f10x_gpio.o(.text)
    GPIO_SetBits                             0x08003791   Thumb Code    20  stm32f10x_gpio.o(.text)
    GPIO_ResetBits                           0x080037a5   Thumb Code    20  stm32f10x_gpio.o(.text)
    GPIO_WriteBit                            0x080037b9   Thumb Code    44  stm32f10x_gpio.o(.text)
    GPIO_Write                               0x080037e5   Thumb Code    20  stm32f10x_gpio.o(.text)
    GPIO_PinLockConfig                       0x080037f9   Thumb Code    60  stm32f10x_gpio.o(.text)
    GPIO_EventOutputConfig                   0x08003835   Thumb Code    64  stm32f10x_gpio.o(.text)
    GPIO_EventOutputCmd                      0x08003875   Thumb Code    22  stm32f10x_gpio.o(.text)
    GPIO_PinRemapConfig                      0x0800388d   Thumb Code   250  stm32f10x_gpio.o(.text)
    GPIO_EXTILineConfig                      0x08003989   Thumb Code    84  stm32f10x_gpio.o(.text)
    GPIO_ETH_MediaInterfaceConfig            0x080039dd   Thumb Code    18  stm32f10x_gpio.o(.text)
    RCC_DeInit                               0x080039f1   Thumb Code    82  stm32f10x_rcc.o(.text)
    RCC_HSEConfig                            0x08003a45   Thumb Code    92  stm32f10x_rcc.o(.text)
    RCC_WaitForHSEStartUp                    0x08003aa1   Thumb Code   108  stm32f10x_rcc.o(.text)
    RCC_GetFlagStatus                        0x08003b0d   Thumb Code   130  stm32f10x_rcc.o(.text)
    RCC_AdjustHSICalibrationValue            0x08003b91   Thumb Code    50  stm32f10x_rcc.o(.text)
    RCC_HSICmd                               0x08003bc5   Thumb Code    22  stm32f10x_rcc.o(.text)
    RCC_PLLConfig                            0x08003bdd   Thumb Code    50  stm32f10x_rcc.o(.text)
    RCC_PLLCmd                               0x08003c11   Thumb Code    22  stm32f10x_rcc.o(.text)
    RCC_SYSCLKConfig                         0x08003c29   Thumb Code    44  stm32f10x_rcc.o(.text)
    RCC_GetSYSCLKSource                      0x08003c55   Thumb Code    16  stm32f10x_rcc.o(.text)
    RCC_HCLKConfig                           0x08003c65   Thumb Code    44  stm32f10x_rcc.o(.text)
    RCC_PCLK1Config                          0x08003c91   Thumb Code    44  stm32f10x_rcc.o(.text)
    RCC_PCLK2Config                          0x08003cbd   Thumb Code    46  stm32f10x_rcc.o(.text)
    RCC_ITConfig                             0x08003ced   Thumb Code    62  stm32f10x_rcc.o(.text)
    RCC_USBCLKConfig                         0x08003d2d   Thumb Code    18  stm32f10x_rcc.o(.text)
    RCC_ADCCLKConfig                         0x08003d41   Thumb Code    44  stm32f10x_rcc.o(.text)
    RCC_LSEConfig                            0x08003d6d   Thumb Code    76  stm32f10x_rcc.o(.text)
    RCC_LSICmd                               0x08003db9   Thumb Code    24  stm32f10x_rcc.o(.text)
    RCC_RTCCLKConfig                         0x08003dd1   Thumb Code    24  stm32f10x_rcc.o(.text)
    RCC_RTCCLKCmd                            0x08003de9   Thumb Code    24  stm32f10x_rcc.o(.text)
    RCC_GetClocksFreq                        0x08003e01   Thumb Code   370  stm32f10x_rcc.o(.text)
    RCC_AHBPeriphClockCmd                    0x08003f75   Thumb Code    56  stm32f10x_rcc.o(.text)
    RCC_APB2PeriphClockCmd                   0x08003fad   Thumb Code    56  stm32f10x_rcc.o(.text)
    RCC_APB1PeriphClockCmd                   0x08003fe5   Thumb Code    56  stm32f10x_rcc.o(.text)
    RCC_APB2PeriphResetCmd                   0x0800401d   Thumb Code    56  stm32f10x_rcc.o(.text)
    RCC_APB1PeriphResetCmd                   0x08004055   Thumb Code    56  stm32f10x_rcc.o(.text)
    RCC_BackupResetCmd                       0x0800408d   Thumb Code    24  stm32f10x_rcc.o(.text)
    RCC_ClockSecuritySystemCmd               0x080040a5   Thumb Code    22  stm32f10x_rcc.o(.text)
    RCC_MCOConfig                            0x080040bd   Thumb Code    24  stm32f10x_rcc.o(.text)
    RCC_ClearFlag                            0x080040d5   Thumb Code    18  stm32f10x_rcc.o(.text)
    RCC_GetITStatus                          0x080040e9   Thumb Code    56  stm32f10x_rcc.o(.text)
    RCC_ClearITPendingBit                    0x08004121   Thumb Code    24  stm32f10x_rcc.o(.text)
    USART_DeInit                             0x08004139   Thumb Code   208  stm32f10x_usart.o(.text)
    USART_Init                               0x08004209   Thumb Code   348  stm32f10x_usart.o(.text)
    USART_StructInit                         0x08004365   Thumb Code    40  stm32f10x_usart.o(.text)
    USART_ClockInit                          0x0800438d   Thumb Code    58  stm32f10x_usart.o(.text)
    USART_ClockStructInit                    0x080043c9   Thumb Code    26  stm32f10x_usart.o(.text)
    USART_Cmd                                0x080043e5   Thumb Code    44  stm32f10x_usart.o(.text)
    USART_ITConfig                           0x08004411   Thumb Code   146  stm32f10x_usart.o(.text)
    USART_DMACmd                             0x080044a5   Thumb Code    52  stm32f10x_usart.o(.text)
    USART_SetAddress                         0x080044d9   Thumb Code    34  stm32f10x_usart.o(.text)
    USART_WakeUpConfig                       0x080044fd   Thumb Code    34  stm32f10x_usart.o(.text)
    USART_ReceiverWakeUpCmd                  0x08004521   Thumb Code    44  stm32f10x_usart.o(.text)
    USART_LINBreakDetectLengthConfig         0x0800454d   Thumb Code    34  stm32f10x_usart.o(.text)
    USART_LINCmd                             0x08004571   Thumb Code    44  stm32f10x_usart.o(.text)
    USART_SendData                           0x0800459d   Thumb Code    24  stm32f10x_usart.o(.text)
    USART_ReceiveData                        0x080045b5   Thumb Code    16  stm32f10x_usart.o(.text)
    USART_SendBreak                          0x080045c5   Thumb Code    18  stm32f10x_usart.o(.text)
    USART_SetGuardTime                       0x080045d9   Thumb Code    34  stm32f10x_usart.o(.text)
    USART_SetPrescaler                       0x080045fd   Thumb Code    34  stm32f10x_usart.o(.text)
    USART_SmartCardCmd                       0x08004621   Thumb Code    44  stm32f10x_usart.o(.text)
    USART_SmartCardNACKCmd                   0x0800464d   Thumb Code    44  stm32f10x_usart.o(.text)
    USART_HalfDuplexCmd                      0x08004679   Thumb Code    44  stm32f10x_usart.o(.text)
    USART_OverSampling8Cmd                   0x080046a5   Thumb Code    44  stm32f10x_usart.o(.text)
    USART_OneBitMethodCmd                    0x080046d1   Thumb Code    44  stm32f10x_usart.o(.text)
    USART_IrDAConfig                         0x080046fd   Thumb Code    34  stm32f10x_usart.o(.text)
    USART_IrDACmd                            0x08004721   Thumb Code    44  stm32f10x_usart.o(.text)
    USART_GetFlagStatus                      0x0800474d   Thumb Code    68  stm32f10x_usart.o(.text)
    USART_ClearFlag                          0x08004791   Thumb Code    36  stm32f10x_usart.o(.text)
    USART_GetITStatus                        0x080047b5   Thumb Code   176  stm32f10x_usart.o(.text)
    USART_ClearITPendingBit                  0x08004865   Thumb Code    68  stm32f10x_usart.o(.text)
    __aeabi_memset                           0x080048a9   Thumb Code    14  memseta.o(.text)
    __aeabi_memset4                          0x080048a9   Thumb Code     0  memseta.o(.text)
    __aeabi_memset8                          0x080048a9   Thumb Code     0  memseta.o(.text)
    __aeabi_memclr                           0x080048b7   Thumb Code     4  memseta.o(.text)
    __aeabi_memclr4                          0x080048b7   Thumb Code     0  memseta.o(.text)
    __aeabi_memclr8                          0x080048b7   Thumb Code     0  memseta.o(.text)
    _memset$wrapper                          0x080048bb   Thumb Code    18  memseta.o(.text)
    __scatterload                            0x080048cd   Thumb Code    38  init.o(.text)
    __scatterload_rt2                        0x080048cd   Thumb Code     0  init.o(.text)
    __scatterload_copy                       0x080048fd   Thumb Code    14  handlers.o(i.__scatterload_copy)
    __scatterload_null                       0x0800490b   Thumb Code     2  handlers.o(i.__scatterload_null)
    __scatterload_zeroinit                   0x0800490d   Thumb Code    14  handlers.o(i.__scatterload_zeroinit)
    AHBPrescTable                            0x0800491e   Data          16  system_stm32f10x.o(.rodata.AHBPrescTable)
    Hzk1                                     0x0800493e   Data         800  oled.o(.rodata.Hzk1)
    Hzk2                                     0x08004c5e   Data          72  oled.o(.rodata.Hzk2)
    Hzk3                                     0x08004ca6   Data         128  oled.o(.rodata.Hzk3)
    Hzk4                                     0x08004d26   Data         512  oled.o(.rodata.Hzk4)
    asc2_0806                                0x08004f26   Data         552  oled.o(.rodata.asc2_0806)
    asc2_1206                                0x0800514e   Data        1140  oled.o(.rodata.asc2_1206)
    asc2_1608                                0x080055c2   Data        1520  oled.o(.rodata.asc2_1608)
    asc2_2412                                0x08005bb2   Data        3420  oled.o(.rodata.asc2_2412)
    Region$$Table$$Base                      0x080069e4   Number         0  anon$$obj.o(Region$$Table)
    Region$$Table$$Limit                     0x08006a04   Number         0  anon$$obj.o(Region$$Table)
    SystemCoreClock                          0x20000008   Data           4  system_stm32f10x.o(.data.SystemCoreClock)
    cdly_set                                 0x2000000c   Data           1  main.o(.data.cdly_set)
    disp_dirty                               0x2000000d   Data           1  main.o(.data.disp_dirty)
    uv_set                                   0x2000000e   Data           2  main.o(.data.uv_set)
    Bluetooth_RxData                         0x20000012   Data           1  usart.o(.bss.Bluetooth_RxData)
    Bluetooth_RxFlag                         0x20000013   Data           1  usart.o(.bss.Bluetooth_RxFlag)
    OLED_GRAM                                0x20000015   Data        1152  oled.o(.bss.OLED_GRAM)
    alarm                                    0x20000495   Data           1  main.o(.bss.alarm)
    auto_uv_pend                             0x20000496   Data           1  main.o(.bss.auto_uv_pend)
    cdly_cnt                                 0x20000497   Data           1  main.o(.bss.cdly_cnt)
    cur_page                                 0x20000498   Data           1  main.o(.bss.cur_page)
    det_cnt                                  0x20000499   Data           1  main.o(.bss.det_cnt)
    dist_val                                 0x2000049a   Data           2  main.o(.bss.dist_val)
    f_fault                                  0x2000049c   Data           1  main.o(.bss.f_fault)
    f_full                                   0x2000049d   Data           1  main.o(.bss.f_full)
    ferr_cnt                                 0x200004a2   Data           2  main.o(.bss.ferr_cnt)
    flog                                     0x200004a4   Data           8  main.o(.bss.flog)
    flog_n                                   0x200004ac   Data           1  main.o(.bss.flog_n)
    idle_slow                                0x200004ae   Data           1  main.o(.bss.idle_slow)
    lid_state                                0x200004af   Data           1  main.o(.bss.lid_state)
    mode                                     0x200004b0   Data           1  main.o(.bss.mode)
    tick                                     0x200004b2   Data           2  main.o(.bss.tick)
    usart1_buf                               0x200004b4   Data          64  usart.o(.bss.usart1_buf)
    usart1_cnt                               0x200004f4   Data           2  usart.o(.bss.usart1_cnt)
    usart1_cntPre                            0x200004f6   Data           2  usart.o(.bss.usart1_cntPre)
    usart2_buf                               0x200004f8   Data          64  usart.o(.bss.usart2_buf)
    usart2_cnt                               0x20000538   Data           2  usart.o(.bss.usart2_cnt)
    usart2_cntPre                            0x2000053a   Data           2  usart.o(.bss.usart2_cntPre)
    uv_cnt                                   0x2000053c   Data           2  main.o(.bss.uv_cnt)
    uv_on                                    0x2000053e   Data           1  main.o(.bss.uv_on)
    __initial_sp                             0x20000940   Data           0  startup_stm32f10x_md.o(STACK)



==============================================================================

Memory Map of the image

  Image Entry point : 0x080000ed

  Load Region LR_IROM1 (Base: 0x08000000, Size: 0x00006a18, Max: 0x00010000, ABSOLUTE)

    Execution Region ER_IROM1 (Exec base: 0x08000000, Load base: 0x08000000, Size: 0x00006a04, Max: 0x00010000, ABSOLUTE)

    Exec Addr    Load Addr    Size         Type   Attr      Idx    E Section Name        Object

    0x08000000   0x08000000   0x000000ec   Data   RO          146    RESET               startup_stm32f10x_md.o
    0x080000ec   0x080000ec   0x00000000   Code   RO          183  * .ARM.Collect$$$$00000000  mc_w.l(entry.o)
    0x080000ec   0x080000ec   0x00000004   Code   RO          188    .ARM.Collect$$$$00000001  mc_w.l(entry2.o)
    0x080000f0   0x080000f0   0x00000004   Code   RO          191    .ARM.Collect$$$$00000004  mc_w.l(entry5.o)
    0x080000f4   0x080000f4   0x00000000   Code   RO          193    .ARM.Collect$$$$00000008  mc_w.l(entry7b.o)
    0x080000f4   0x080000f4   0x00000000   Code   RO          195    .ARM.Collect$$$$0000000A  mc_w.l(entry8b.o)
    0x080000f4   0x080000f4   0x00000008   Code   RO          196    .ARM.Collect$$$$0000000B  mc_w.l(entry9a.o)
    0x080000fc   0x080000fc   0x00000000   Code   RO          198    .ARM.Collect$$$$0000000D  mc_w.l(entry10a.o)
    0x080000fc   0x080000fc   0x00000000   Code   RO          200    .ARM.Collect$$$$0000000F  mc_w.l(entry11a.o)
    0x080000fc   0x080000fc   0x00000004   Code   RO          189    .ARM.Collect$$$$00002712  mc_w.l(entry2.o)
    0x08000100   0x08000100   0x00000f3e   Code   RO            1    .text               main.o
    0x0800103e   0x0800103e   0x00000002   PAD
    0x08001040   0x08001040   0x00000022   Code   RO           34    .text               stm32f10x_it.o
    0x08001062   0x08001062   0x00000002   PAD
    0x08001064   0x08001064   0x000002b6   Code   RO           41    .text               system_stm32f10x.o
    0x0800131a   0x0800131a   0x00000002   PAD
    0x0800131c   0x0800131c   0x00000170   Code   RO           50    .text               gpio.o
    0x0800148c   0x0800148c   0x0000030c   Code   RO           57    .text               key.o
    0x08001798   0x08001798   0x000000b4   Code   RO           65    .text               motor_duoji.o
    0x0800184c   0x0800184c   0x00001332   Code   RO           73    .text               oled.o
    0x08002b7e   0x08002b7e   0x00000002   PAD
    0x08002b80   0x08002b80   0x00000062   Code   RO           91    .text               rly.o
    0x08002be2   0x08002be2   0x00000002   PAD
    0x08002be4   0x08002be4   0x00000174   Code   RO           98    .text               hcsr04.o
    0x08002d58   0x08002d58   0x0000015c   Code   RO          106    .text               delay.o
    0x08002eb4   0x08002eb4   0x00000400   Code   RO          122    .text               usart.o
    0x080032b4   0x080032b4   0x00000024   Code   RO          147    .text               startup_stm32f10x_md.o
    0x080032d8   0x080032d8   0x0000015c   Code   RO          153    .text               misc.o
    0x08003434   0x08003434   0x000005ba   Code   RO          160    .text               stm32f10x_gpio.o
    0x080039ee   0x080039ee   0x00000002   PAD
    0x080039f0   0x080039f0   0x00000748   Code   RO          167    .text               stm32f10x_rcc.o
    0x08004138   0x08004138   0x00000770   Code   RO          176    .text               stm32f10x_usart.o
    0x080048a8   0x080048a8   0x00000024   Code   RO          186    .text               mc_w.l(memseta.o)
    0x080048cc   0x080048cc   0x00000030   Code   RO          202    .text               mc_w.l(init.o)
    0x080048fc   0x080048fc   0x0000000e   Code   RO          206    i.__scatterload_copy  mc_w.l(handlers.o)
    0x0800490a   0x0800490a   0x00000002   Code   RO          207    i.__scatterload_null  mc_w.l(handlers.o)
    0x0800490c   0x0800490c   0x0000000e   Code   RO          208    i.__scatterload_zeroinit  mc_w.l(handlers.o)
    0x0800491a   0x0800491a   0x00000004   Data   RO          170    .rodata.ADCPrescTable  stm32f10x_rcc.o
    0x0800491e   0x0800491e   0x00000010   Data   RO           44    .rodata.AHBPrescTable  system_stm32f10x.o
    0x0800492e   0x0800492e   0x00000010   Data   RO          169    .rodata.APBAHBPrescTable  stm32f10x_rcc.o
    0x0800493e   0x0800493e   0x00000320   Data   RO           79    .rodata.Hzk1        oled.o
    0x08004c5e   0x08004c5e   0x00000048   Data   RO           80    .rodata.Hzk2        oled.o
    0x08004ca6   0x08004ca6   0x00000080   Data   RO           81    .rodata.Hzk3        oled.o
    0x08004d26   0x08004d26   0x00000200   Data   RO           82    .rodata.Hzk4        oled.o
    0x08004f26   0x08004f26   0x00000228   Data   RO           75    .rodata.asc2_0806   oled.o
    0x0800514e   0x0800514e   0x00000474   Data   RO           76    .rodata.asc2_1206   oled.o
    0x080055c2   0x080055c2   0x000005f0   Data   RO           77    .rodata.asc2_1608   oled.o
    0x08005bb2   0x08005bb2   0x00000d5c   Data   RO           78    .rodata.asc2_2412   oled.o
    0x0800690e   0x0800690e   0x0000007a   Data   RO           27    .rodata.str1.1      main.o
    0x08006988   0x08006988   0x0000005a   Data   RO           85    .rodata.str1.1      oled.o
    0x080069e2   0x080069e2   0x00000002   PAD
    0x080069e4   0x080069e4   0x00000020   Data   RO          205    Region$$Table       anon$$obj.o


    Execution Region RW_IRAM1 (Exec base: 0x20000000, Load base: 0x08006a08, Size: 0x00000940, Max: 0x00005000, ABSOLUTE)

    Exec Addr    Load Addr    Size         Type   Attr      Idx    E Section Name        Object

    0x20000000   0x08006a08   0x00000001   Data   RW           59    .data.Chiclet_Keyboard_Scan.key_up  key.o
    0x20000001   0x08006a09   0x00000001   PAD
    0x20000002   0x08006a0a   0x00000002   Data   RW          100    .data.HCSR04_GetDistance.last_distance  hcsr04.o
    0x20000004   0x08006a0c   0x00000002   Data   RW           24    .data.Manage_func.startup_skip  main.o
    0x20000006   0x08006a0e   0x00000002   PAD
    0x20000008   0x08006a10   0x00000004   Data   RW           43    .data.SystemCoreClock  system_stm32f10x.o
    0x2000000c   0x08006a14   0x00000001   Data   RW           10    .data.cdly_set      main.o
    0x2000000d   0x08006a15   0x00000001   Data   RW           20    .data.disp_dirty    main.o
    0x2000000e   0x08006a16   0x00000002   Data   RW            7    .data.uv_set        main.o
    0x20000010        -       0x00000001   Zero   RW           26    .bss.Alarm_func.beep_tog  main.o
    0x20000011        -       0x00000001   Zero   RW           25    .bss.Alarm_func.flow_idx  main.o
    0x20000012        -       0x00000001   Zero   RW          130    .bss.Bluetooth_RxData  usart.o
    0x20000013        -       0x00000001   Zero   RW          131    .bss.Bluetooth_RxFlag  usart.o
    0x20000014        -       0x00000001   Zero   RW           23    .bss.Manage_func.fc  main.o
    0x20000015        -       0x00000480   Zero   RW           84    .bss.OLED_GRAM      oled.o
    0x20000495        -       0x00000001   Zero   RW           14    .bss.alarm          main.o
    0x20000496        -       0x00000001   Zero   RW            9    .bss.auto_uv_pend   main.o
    0x20000497        -       0x00000001   Zero   RW           11    .bss.cdly_cnt       main.o
    0x20000498        -       0x00000001   Zero   RW            5    .bss.cur_page       main.o
    0x20000499        -       0x00000001   Zero   RW           18    .bss.det_cnt        main.o
    0x2000049a        -       0x00000002   Zero   RW           17    .bss.dist_val       main.o
    0x2000049c        -       0x00000001   Zero   RW           13    .bss.f_fault        main.o
    0x2000049d        -       0x00000001   Zero   RW           12    .bss.f_full         main.o
    0x2000049e        -       0x00000002   Zero   RW          109    .bss.fac_ms         delay.o
    0x200004a0        -       0x00000001   Zero   RW          108    .bss.fac_us         delay.o
    0x200004a1   0x08006a18   0x00000001   PAD
    0x200004a2        -       0x00000002   Zero   RW           15    .bss.ferr_cnt       main.o
    0x200004a4        -       0x00000008   Zero   RW           22    .bss.flog           main.o
    0x200004ac        -       0x00000001   Zero   RW           16    .bss.flog_n         main.o
    0x200004ad        -       0x00000001   Zero   RW           83    .bss.g_oled_batch   oled.o
    0x200004ae        -       0x00000001   Zero   RW           21    .bss.idle_slow      main.o
    0x200004af        -       0x00000001   Zero   RW            4    .bss.lid_state      main.o
    0x200004b0        -       0x00000001   Zero   RW            3    .bss.mode           main.o
    0x200004b1   0x08006a18   0x00000001   PAD
    0x200004b2        -       0x00000002   Zero   RW           19    .bss.tick           main.o
    0x200004b4        -       0x00000040   Zero   RW          128    .bss.usart1_buf     usart.o
    0x200004f4        -       0x00000002   Zero   RW          124    .bss.usart1_cnt     usart.o
    0x200004f6        -       0x00000002   Zero   RW          125    .bss.usart1_cntPre  usart.o
    0x200004f8        -       0x00000040   Zero   RW          129    .bss.usart2_buf     usart.o
    0x20000538        -       0x00000002   Zero   RW          126    .bss.usart2_cnt     usart.o
    0x2000053a        -       0x00000002   Zero   RW          127    .bss.usart2_cntPre  usart.o
    0x2000053c        -       0x00000002   Zero   RW            8    .bss.uv_cnt         main.o
    0x2000053e        -       0x00000001   Zero   RW            6    .bss.uv_on          main.o
    0x2000053f   0x08006a18   0x00000001   PAD
    0x20000540        -       0x00000400   Zero   RW          144    STACK               startup_stm32f10x_md.o


==============================================================================

Image component sizes


      Code (inc. data)   RO Data    RW Data    ZI Data      Debug   Object Name

       348          0          0          0          3       1416   delay.o
       368          0          0          0          0       1596   gpio.o
       372          0          0          2          0       1925   hcsr04.o
       780          0          0          1          0       2246   key.o
      3902         14        122          6         31       5347   main.o
       348          0          0          0          0       2853   misc.o
       180          0          0          0          0       2701   motor_duoji.o
      4914          0       8234          0       1153       8609   oled.o
        98          0          0          0          0       1643   rly.o
        36          8        236          0       1024        872   startup_stm32f10x_md.o
      1466          0          0          0          0       5157   stm32f10x_gpio.o
        34          0          0          0          0        842   stm32f10x_it.o
      1864          0         20          0          0       6195   stm32f10x_rcc.o
      1904          0          0          0          0       6726   stm32f10x_usart.o
       694          0         16          4          0       2662   system_stm32f10x.o
      1024          0          0          0        138       5263   usart.o

    ----------------------------------------------------------------------
     18344         22       8662         16       2352      56053   Object Totals
         0          0         32          0          0          0   (incl. Generated)
        12          0          2          3          3          0   (incl. Padding)

    ----------------------------------------------------------------------

      Code (inc. data)   RO Data    RW Data    ZI Data      Debug   Library Member Name

         0          0          0          0          0          0   entry.o
         0          0          0          0          0          0   entry10a.o
         0          0          0          0          0          0   entry11a.o
         8          4          0          0          0          0   entry2.o
         4          0          0          0          0          0   entry5.o
         0          0          0          0          0          0   entry7b.o
         0          0          0          0          0          0   entry8b.o
         8          4          0          0          0          0   entry9a.o
        30          0          0          0          0          0   handlers.o
        48         10          0          0          0         68   init.o
        36          0          0          0          0        108   memseta.o

    ----------------------------------------------------------------------
       134         18          0          0          0        176   Library Totals
         0          0          0          0          0          0   (incl. Padding)

    ----------------------------------------------------------------------

      Code (inc. data)   RO Data    RW Data    ZI Data      Debug   Library Name

       134         18          0          0          0        176   mc_w.l

    ----------------------------------------------------------------------
       134         18          0          0          0        176   Library Totals

    ----------------------------------------------------------------------

==============================================================================


      Code (inc. data)   RO Data    RW Data    ZI Data      Debug   

     18478         40       8662         16       2352      56101   Grand Totals
     18478         40       8662         16       2352      56101   ELF Image Totals
     18478         40       8662         16          0          0   ROM Totals

==============================================================================

    Total RO  Size (Code + RO Data)                27140 (  26.50kB)
    Total RW  Size (RW Data + ZI Data)              2368 (   2.31kB)
    Total ROM Size (Code + RO Data + RW Data)      27156 (  26.52kB)

==============================================================================

